// Jest Snapshot v1, https://goo.gl/fbAQLP

exports[`App matches snapshot 1`] = `
<input
  name="text"
  onChange={[MockFunction]}
  value="ryan"
/>
`;

exports[`TextSelctor matches snapshot 1`] = `
<input
  name="text"
  onChange={[MockFunction]}
  value="ryan"
/>
`;
